// Jest Snapshot v1, https://goo.gl/fbAQLP

exports[`Days SnapShot 1`] = `
<View
  style={
    {
      "backgroundColor": "#E2A272",
      "flex": 1,
      "paddingTop": 100,
      "width": "100%",
    }
  }
>
  <Text
    style={
      {
        "alignSelf": "right",
        "color": "#303345",
        "fontSize": 25,
        "fontWeight": "700",
        "marginLeft": 10,
        "marginTop": -70,
      }
    }
  >
    Weather
  </Text>
  <View
    style={
      {
        "flexDirection": "row",
      }
    }
  >
    <TextInput
      placeholder="Search for the city or the airport..."
      style={
        {
          "alignSelf": "center",
          "backgroundColor": "rgba(255, 255, 255, 0.15)",
          "borderRadius": 5,
          "height": 30,
          "margin": 10,
          "padding": 3,
          "width": "95%",
        }
      }
    />
  </View>
  <View
    style={{}}
  >
    <View
      accessibilityState={
        {
          "busy": undefined,
          "checked": undefined,
          "disabled": undefined,
          "expanded": undefined,
          "selected": undefined,
        }
      }
      accessibilityValue={
        {
          "max": undefined,
          "min": undefined,
          "now": undefined,
          "text": undefined,
        }
      }
      accessible={true}
      collapsable={false}
      focusable={false}
      onClick={[Function]}
      onResponderGrant={[Function]}
      onResponderMove={[Function]}
      onResponderRelease={[Function]}
      onResponderTerminate={[Function]}
      onResponderTerminationRequest={[Function]}
      onStartShouldSetResponder={[Function]}
      style={
        {
          "alignSelf": "center",
          "backgroundColor": "rgba(255, 255, 255, 0.2)",
          "borderColor": "rgba(255, 255, 255, 0.3)",
          "borderRadius": 15,
          "borderWidth": "0.5",
          "flexDirection": "row",
          "justifyContent": "space-between",
          "margin": 5,
          "opacity": 1,
          "padding": 7,
          "shadowColor": "black",
          "shadowOffset": {
            "height": 0,
            "width": 0,
          },
          "shadowOpacity": 0.2,
          "shadowRadius": 2,
          "width": "85%",
        }
      }
    >
      <View
        style={
          {
            "flexDirection": "row",
          }
        }
      >
        <Image
          source={1}
          style={
            {
              "marginTop": 5,
            }
          }
        />
        <Text
          style={
            {
              "color": "#303345",
              "fontSize": 16,
              "fontWeight": "300",
              "paddingTop": 17,
            }
          }
        >
          Сургут
        </Text>
      </View>
      <Text
        style={
          {
            "color": "#303345",
            "fontSize": 16,
            "fontWeight": "500",
            "paddingRight": 15,
            "paddingTop": 17,
          }
        }
      >
        +13
      </Text>
    </View>
    <View
      accessibilityState={
        {
          "busy": undefined,
          "checked": undefined,
          "disabled": undefined,
          "expanded": undefined,
          "selected": undefined,
        }
      }
      accessibilityValue={
        {
          "max": undefined,
          "min": undefined,
          "now": undefined,
          "text": undefined,
        }
      }
      accessible={true}
      collapsable={false}
      focusable={false}
      onClick={[Function]}
      onResponderGrant={[Function]}
      onResponderMove={[Function]}
      onResponderRelease={[Function]}
      onResponderTerminate={[Function]}
      onResponderTerminationRequest={[Function]}
      onStartShouldSetResponder={[Function]}
      style={
        {
          "alignSelf": "center",
          "backgroundColor": "rgba(255, 255, 255, 0.2)",
          "borderColor": "rgba(255, 255, 255, 0.3)",
          "borderRadius": 15,
          "borderWidth": "0.5",
          "flexDirection": "row",
          "justifyContent": "space-between",
          "margin": 5,
          "opacity": 1,
          "padding": 7,
          "shadowColor": "black",
          "shadowOffset": {
            "height": 0,
            "width": 0,
          },
          "shadowOpacity": 0.2,
          "shadowRadius": 2,
          "width": "85%",
        }
      }
    >
      <View
        style={
          {
            "flexDirection": "row",
          }
        }
      >
        <Image
          source={1}
          style={
            {
              "marginTop": 5,
            }
          }
        />
        <Text
          style={
            {
              "color": "#303345",
              "fontSize": 16,
              "fontWeight": "300",
              "paddingTop": 17,
            }
          }
        >
          Санкт-Петербург
        </Text>
      </View>
      <Text
        style={
          {
            "color": "#303345",
            "fontSize": 16,
            "fontWeight": "500",
            "paddingRight": 15,
            "paddingTop": 17,
          }
        }
      >
        +21
      </Text>
    </View>
    <View
      accessibilityState={
        {
          "busy": undefined,
          "checked": undefined,
          "disabled": undefined,
          "expanded": undefined,
          "selected": undefined,
        }
      }
      accessibilityValue={
        {
          "max": undefined,
          "min": undefined,
          "now": undefined,
          "text": undefined,
        }
      }
      accessible={true}
      collapsable={false}
      focusable={false}
      onClick={[Function]}
      onResponderGrant={[Function]}
      onResponderMove={[Function]}
      onResponderRelease={[Function]}
      onResponderTerminate={[Function]}
      onResponderTerminationRequest={[Function]}
      onStartShouldSetResponder={[Function]}
      style={
        {
          "alignSelf": "center",
          "backgroundColor": "rgba(255, 255, 255, 0.2)",
          "borderColor": "rgba(255, 255, 255, 0.3)",
          "borderRadius": 15,
          "borderWidth": "0.5",
          "flexDirection": "row",
          "justifyContent": "space-between",
          "margin": 5,
          "opacity": 1,
          "padding": 7,
          "shadowColor": "black",
          "shadowOffset": {
            "height": 0,
            "width": 0,
          },
          "shadowOpacity": 0.2,
          "shadowRadius": 2,
          "width": "85%",
        }
      }
    >
      <View
        style={
          {
            "flexDirection": "row",
          }
        }
      >
        <Image
          source={1}
          style={
            {
              "marginTop": 5,
            }
          }
        />
        <Text
          style={
            {
              "color": "#303345",
              "fontSize": 16,
              "fontWeight": "300",
              "paddingTop": 17,
            }
          }
        >
          Адлер
        </Text>
      </View>
      <Text
        style={
          {
            "color": "#303345",
            "fontSize": 16,
            "fontWeight": "500",
            "paddingRight": 15,
            "paddingTop": 17,
          }
        }
      >
        +29
      </Text>
    </View>
  </View>
</View>
`;
